  Determining projects to restore...
  All projects are up-to-date for restore.
I:\Ubuntu\VSCode\FigCrafter\ViewModels\MainViewModel.cs(42,16): warning CS8618: Non-nullable property 'ImportFileCommand' must contain a non-null value when exiting constructor. Consider adding the 'required' modifier or declaring the property as nullable. [I:\Ubuntu\VSCode\FigCrafter\FigCrafterApp_z3c2urb3_wpftmp.csproj]
I:\Ubuntu\VSCode\FigCrafter\Views\CanvasView.xaml.cs(182,31): warning CS8629: Nullable value type may be null. [I:\Ubuntu\VSCode\FigCrafter\FigCrafterApp_z3c2urb3_wpftmp.csproj]
I:\Ubuntu\VSCode\FigCrafter\Models\GraphicObject.cs(927,78): warning CS0618: 'SKPaint.TextSize' is obsolete: 'Use SKFont.Size instead.' [I:\Ubuntu\VSCode\FigCrafter\FigCrafterApp_z3c2urb3_wpftmp.csproj]
I:\Ubuntu\VSCode\FigCrafter\Models\GraphicObject.cs(928,21): warning CS0618: 'SKCanvas.DrawText(string, float, float, SKPaint)' is obsolete: 'Use DrawText(string text, float x, float y, SKTextAlign textAlign, SKFont font, SKPaint paint) instead.' [I:\Ubuntu\VSCode\FigCrafter\FigCrafterApp_z3c2urb3_wpftmp.csproj]
I:\Ubuntu\VSCode\FigCrafter\Models\GraphicObject.cs(480,17): warning CS0618: 'SKPaint.Typeface' is obsolete: 'Use SKFont.Typeface instead.' [I:\Ubuntu\VSCode\FigCrafter\FigCrafterApp_z3c2urb3_wpftmp.csproj]
I:\Ubuntu\VSCode\FigCrafter\Models\GraphicObject.cs(484,17): warning CS0618: 'SKPaint.TextSize' is obsolete: 'Use SKFont.Size instead.' [I:\Ubuntu\VSCode\FigCrafter\FigCrafterApp_z3c2urb3_wpftmp.csproj]
I:\Ubuntu\VSCode\FigCrafter\Models\GraphicObject.cs(488,29): warning CS0618: 'SKPaint.FontSpacing' is obsolete: 'Use SKFont.Spacing instead.' [I:\Ubuntu\VSCode\FigCrafter\FigCrafterApp_z3c2urb3_wpftmp.csproj]
I:\Ubuntu\VSCode\FigCrafter\Models\GraphicObject.cs(496,17): warning CS0618: 'SKPaint.MeasureText(string, ref SKRect)' is obsolete: 'Use SKFont.MeasureText() instead.' [I:\Ubuntu\VSCode\FigCrafter\FigCrafterApp_z3c2urb3_wpftmp.csproj]
I:\Ubuntu\VSCode\FigCrafter\Models\GraphicObject.cs(505,17): warning CS0618: 'SKCanvas.DrawText(string, float, float, SKPaint)' is obsolete: 'Use DrawText(string text, float x, float y, SKTextAlign textAlign, SKFont font, SKPaint paint) instead.' [I:\Ubuntu\VSCode\FigCrafter\FigCrafterApp_z3c2urb3_wpftmp.csproj]
I:\Ubuntu\VSCode\FigCrafter\Models\GraphicObject.cs(508,58): warning CS0618: 'SKPaint.TextSize' is obsolete: 'Use SKFont.Size instead.' [I:\Ubuntu\VSCode\FigCrafter\FigCrafterApp_z3c2urb3_wpftmp.csproj]
I:\Ubuntu\VSCode\FigCrafter\ViewModels\CanvasViewModel.cs(205,37): warning CS8601: Possible null reference assignment. [I:\Ubuntu\VSCode\FigCrafter\FigCrafterApp_z3c2urb3_wpftmp.csproj]
I:\Ubuntu\VSCode\FigCrafter\ViewModels\CanvasViewModel.cs(207,25): warning CS8602: Dereference of a possibly null reference. [I:\Ubuntu\VSCode\FigCrafter\FigCrafterApp_z3c2urb3_wpftmp.csproj]
I:\Ubuntu\VSCode\FigCrafter\Models\GraphicObject.cs(527,17): warning CS0618: 'SKPaint.Typeface' is obsolete: 'Use SKFont.Typeface instead.' [I:\Ubuntu\VSCode\FigCrafter\FigCrafterApp_z3c2urb3_wpftmp.csproj]
I:\Ubuntu\VSCode\FigCrafter\Models\GraphicObject.cs(531,17): warning CS0618: 'SKPaint.TextSize' is obsolete: 'Use SKFont.Size instead.' [I:\Ubuntu\VSCode\FigCrafter\FigCrafterApp_z3c2urb3_wpftmp.csproj]
I:\Ubuntu\VSCode\FigCrafter\Models\GraphicObject.cs(535,29): warning CS0618: 'SKPaint.FontSpacing' is obsolete: 'Use SKFont.Spacing instead.' [I:\Ubuntu\VSCode\FigCrafter\FigCrafterApp_z3c2urb3_wpftmp.csproj]
I:\Ubuntu\VSCode\FigCrafter\Models\GraphicObject.cs(540,47): warning CS0618: 'SKPaint.MeasureText(string)' is obsolete: 'Use SKFont.MeasureText() instead.' [I:\Ubuntu\VSCode\FigCrafter\FigCrafterApp_z3c2urb3_wpftmp.csproj]
I:\Ubuntu\VSCode\FigCrafter\Models\GraphicObject.cs(543,64): warning CS0618: 'SKPaint.TextSize' is obsolete: 'Use SKFont.Size instead.' [I:\Ubuntu\VSCode\FigCrafter\FigCrafterApp_z3c2urb3_wpftmp.csproj]
I:\Ubuntu\VSCode\FigCrafter\Helpers\EmfParser.cs(53,43): error CS1061: 'MetafileHeader' does not contain a definition for 'szlMillimeters' and no accessible extension method 'szlMillimeters' accepting a first argument of type 'MetafileHeader' could be found (are you missing a using directive or an assembly reference?) [I:\Ubuntu\VSCode\FigCrafter\FigCrafterApp_z3c2urb3_wpftmp.csproj]
I:\Ubuntu\VSCode\FigCrafter\Helpers\EmfParser.cs(54,44): error CS1061: 'MetafileHeader' does not contain a definition for 'szlMillimeters' and no accessible extension method 'szlMillimeters' accepting a first argument of type 'MetafileHeader' could be found (are you missing a using directive or an assembly reference?) [I:\Ubuntu\VSCode\FigCrafter\FigCrafterApp_z3c2urb3_wpftmp.csproj]
I:\Ubuntu\VSCode\FigCrafter\Helpers\EmfParser.cs(57,72): error CS1061: 'MetafileHeader' does not contain a definition for 'szlMillimeters' and no accessible extension method 'szlMillimeters' accepting a first argument of type 'MetafileHeader' could be found (are you missing a using directive or an assembly reference?) [I:\Ubuntu\VSCode\FigCrafter\FigCrafterApp_z3c2urb3_wpftmp.csproj]
I:\Ubuntu\VSCode\FigCrafter\Helpers\EmfParser.cs(57,102): error CS1061: 'MetafileHeader' does not contain a definition for 'szlMillimeters' and no accessible extension method 'szlMillimeters' accepting a first argument of type 'MetafileHeader' could be found (are you missing a using directive or an assembly reference?) [I:\Ubuntu\VSCode\FigCrafter\FigCrafterApp_z3c2urb3_wpftmp.csproj]
I:\Ubuntu\VSCode\FigCrafter\Views\CanvasView.xaml.cs(795,54): warning CS8602: Dereference of a possibly null reference. [I:\Ubuntu\VSCode\FigCrafter\FigCrafterApp_z3c2urb3_wpftmp.csproj]
I:\Ubuntu\VSCode\FigCrafter\Views\CanvasView.xaml.cs(1172,21): warning CS0618: 'SKPaint.Typeface' is obsolete: 'Use SKFont.Typeface instead.' [I:\Ubuntu\VSCode\FigCrafter\FigCrafterApp_z3c2urb3_wpftmp.csproj]
I:\Ubuntu\VSCode\FigCrafter\Views\CanvasView.xaml.cs(1176,21): warning CS0618: 'SKPaint.TextSize' is obsolete: 'Use SKFont.Size instead.' [I:\Ubuntu\VSCode\FigCrafter\FigCrafterApp_z3c2urb3_wpftmp.csproj]
I:\Ubuntu\VSCode\FigCrafter\Views\CanvasView.xaml.cs(1180,33): warning CS0618: 'SKPaint.FontSpacing' is obsolete: 'Use SKFont.Spacing instead.' [I:\Ubuntu\VSCode\FigCrafter\FigCrafterApp_z3c2urb3_wpftmp.csproj]
I:\Ubuntu\VSCode\FigCrafter\Views\CanvasView.xaml.cs(1185,51): warning CS0618: 'SKPaint.MeasureText(string)' is obsolete: 'Use SKFont.MeasureText() instead.' [I:\Ubuntu\VSCode\FigCrafter\FigCrafterApp_z3c2urb3_wpftmp.csproj]
I:\Ubuntu\VSCode\FigCrafter\Views\CanvasView.xaml.cs(1188,68): warning CS0618: 'SKPaint.TextSize' is obsolete: 'Use SKFont.Size instead.' [I:\Ubuntu\VSCode\FigCrafter\FigCrafterApp_z3c2urb3_wpftmp.csproj]
I:\Ubuntu\VSCode\FigCrafter\Views\CanvasView.xaml.cs(25,24): warning CS0169: The field 'CanvasView._selectionRect' is never used [I:\Ubuntu\VSCode\FigCrafter\FigCrafterApp_z3c2urb3_wpftmp.csproj]

Build FAILED.

I:\Ubuntu\VSCode\FigCrafter\ViewModels\MainViewModel.cs(42,16): warning CS8618: Non-nullable property 'ImportFileCommand' must contain a non-null value when exiting constructor. Consider adding the 'required' modifier or declaring the property as nullable. [I:\Ubuntu\VSCode\FigCrafter\FigCrafterApp_z3c2urb3_wpftmp.csproj]
I:\Ubuntu\VSCode\FigCrafter\Views\CanvasView.xaml.cs(182,31): warning CS8629: Nullable value type may be null. [I:\Ubuntu\VSCode\FigCrafter\FigCrafterApp_z3c2urb3_wpftmp.csproj]
I:\Ubuntu\VSCode\FigCrafter\Models\GraphicObject.cs(927,78): warning CS0618: 'SKPaint.TextSize' is obsolete: 'Use SKFont.Size instead.' [I:\Ubuntu\VSCode\FigCrafter\FigCrafterApp_z3c2urb3_wpftmp.csproj]
I:\Ubuntu\VSCode\FigCrafter\Models\GraphicObject.cs(928,21): warning CS0618: 'SKCanvas.DrawText(string, float, float, SKPaint)' is obsolete: 'Use DrawText(string text, float x, float y, SKTextAlign textAlign, SKFont font, SKPaint paint) instead.' [I:\Ubuntu\VSCode\FigCrafter\FigCrafterApp_z3c2urb3_wpftmp.csproj]
I:\Ubuntu\VSCode\FigCrafter\Models\GraphicObject.cs(480,17): warning CS0618: 'SKPaint.Typeface' is obsolete: 'Use SKFont.Typeface instead.' [I:\Ubuntu\VSCode\FigCrafter\FigCrafterApp_z3c2urb3_wpftmp.csproj]
I:\Ubuntu\VSCode\FigCrafter\Models\GraphicObject.cs(484,17): warning CS0618: 'SKPaint.TextSize' is obsolete: 'Use SKFont.Size instead.' [I:\Ubuntu\VSCode\FigCrafter\FigCrafterApp_z3c2urb3_wpftmp.csproj]
I:\Ubuntu\VSCode\FigCrafter\Models\GraphicObject.cs(488,29): warning CS0618: 'SKPaint.FontSpacing' is obsolete: 'Use SKFont.Spacing instead.' [I:\Ubuntu\VSCode\FigCrafter\FigCrafterApp_z3c2urb3_wpftmp.csproj]
I:\Ubuntu\VSCode\FigCrafter\Models\GraphicObject.cs(496,17): warning CS0618: 'SKPaint.MeasureText(string, ref SKRect)' is obsolete: 'Use SKFont.MeasureText() instead.' [I:\Ubuntu\VSCode\FigCrafter\FigCrafterApp_z3c2urb3_wpftmp.csproj]
I:\Ubuntu\VSCode\FigCrafter\Models\GraphicObject.cs(505,17): warning CS0618: 'SKCanvas.DrawText(string, float, float, SKPaint)' is obsolete: 'Use DrawText(string text, float x, float y, SKTextAlign textAlign, SKFont font, SKPaint paint) instead.' [I:\Ubuntu\VSCode\FigCrafter\FigCrafterApp_z3c2urb3_wpftmp.csproj]
I:\Ubuntu\VSCode\FigCrafter\Models\GraphicObject.cs(508,58): warning CS0618: 'SKPaint.TextSize' is obsolete: 'Use SKFont.Size instead.' [I:\Ubuntu\VSCode\FigCrafter\FigCrafterApp_z3c2urb3_wpftmp.csproj]
I:\Ubuntu\VSCode\FigCrafter\ViewModels\CanvasViewModel.cs(205,37): warning CS8601: Possible null reference assignment. [I:\Ubuntu\VSCode\FigCrafter\FigCrafterApp_z3c2urb3_wpftmp.csproj]
I:\Ubuntu\VSCode\FigCrafter\ViewModels\CanvasViewModel.cs(207,25): warning CS8602: Dereference of a possibly null reference. [I:\Ubuntu\VSCode\FigCrafter\FigCrafterApp_z3c2urb3_wpftmp.csproj]
I:\Ubuntu\VSCode\FigCrafter\Models\GraphicObject.cs(527,17): warning CS0618: 'SKPaint.Typeface' is obsolete: 'Use SKFont.Typeface instead.' [I:\Ubuntu\VSCode\FigCrafter\FigCrafterApp_z3c2urb3_wpftmp.csproj]
I:\Ubuntu\VSCode\FigCrafter\Models\GraphicObject.cs(531,17): warning CS0618: 'SKPaint.TextSize' is obsolete: 'Use SKFont.Size instead.' [I:\Ubuntu\VSCode\FigCrafter\FigCrafterApp_z3c2urb3_wpftmp.csproj]
I:\Ubuntu\VSCode\FigCrafter\Models\GraphicObject.cs(535,29): warning CS0618: 'SKPaint.FontSpacing' is obsolete: 'Use SKFont.Spacing instead.' [I:\Ubuntu\VSCode\FigCrafter\FigCrafterApp_z3c2urb3_wpftmp.csproj]
I:\Ubuntu\VSCode\FigCrafter\Models\GraphicObject.cs(540,47): warning CS0618: 'SKPaint.MeasureText(string)' is obsolete: 'Use SKFont.MeasureText() instead.' [I:\Ubuntu\VSCode\FigCrafter\FigCrafterApp_z3c2urb3_wpftmp.csproj]
I:\Ubuntu\VSCode\FigCrafter\Models\GraphicObject.cs(543,64): warning CS0618: 'SKPaint.TextSize' is obsolete: 'Use SKFont.Size instead.' [I:\Ubuntu\VSCode\FigCrafter\FigCrafterApp_z3c2urb3_wpftmp.csproj]
I:\Ubuntu\VSCode\FigCrafter\Views\CanvasView.xaml.cs(795,54): warning CS8602: Dereference of a possibly null reference. [I:\Ubuntu\VSCode\FigCrafter\FigCrafterApp_z3c2urb3_wpftmp.csproj]
I:\Ubuntu\VSCode\FigCrafter\Views\CanvasView.xaml.cs(1172,21): warning CS0618: 'SKPaint.Typeface' is obsolete: 'Use SKFont.Typeface instead.' [I:\Ubuntu\VSCode\FigCrafter\FigCrafterApp_z3c2urb3_wpftmp.csproj]
I:\Ubuntu\VSCode\FigCrafter\Views\CanvasView.xaml.cs(1176,21): warning CS0618: 'SKPaint.TextSize' is obsolete: 'Use SKFont.Size instead.' [I:\Ubuntu\VSCode\FigCrafter\FigCrafterApp_z3c2urb3_wpftmp.csproj]
I:\Ubuntu\VSCode\FigCrafter\Views\CanvasView.xaml.cs(1180,33): warning CS0618: 'SKPaint.FontSpacing' is obsolete: 'Use SKFont.Spacing instead.' [I:\Ubuntu\VSCode\FigCrafter\FigCrafterApp_z3c2urb3_wpftmp.csproj]
I:\Ubuntu\VSCode\FigCrafter\Views\CanvasView.xaml.cs(1185,51): warning CS0618: 'SKPaint.MeasureText(string)' is obsolete: 'Use SKFont.MeasureText() instead.' [I:\Ubuntu\VSCode\FigCrafter\FigCrafterApp_z3c2urb3_wpftmp.csproj]
I:\Ubuntu\VSCode\FigCrafter\Views\CanvasView.xaml.cs(1188,68): warning CS0618: 'SKPaint.TextSize' is obsolete: 'Use SKFont.Size instead.' [I:\Ubuntu\VSCode\FigCrafter\FigCrafterApp_z3c2urb3_wpftmp.csproj]
I:\Ubuntu\VSCode\FigCrafter\Views\CanvasView.xaml.cs(25,24): warning CS0169: The field 'CanvasView._selectionRect' is never used [I:\Ubuntu\VSCode\FigCrafter\FigCrafterApp_z3c2urb3_wpftmp.csproj]
I:\Ubuntu\VSCode\FigCrafter\Helpers\EmfParser.cs(53,43): error CS1061: 'MetafileHeader' does not contain a definition for 'szlMillimeters' and no accessible extension method 'szlMillimeters' accepting a first argument of type 'MetafileHeader' could be found (are you missing a using directive or an assembly reference?) [I:\Ubuntu\VSCode\FigCrafter\FigCrafterApp_z3c2urb3_wpftmp.csproj]
I:\Ubuntu\VSCode\FigCrafter\Helpers\EmfParser.cs(54,44): error CS1061: 'MetafileHeader' does not contain a definition for 'szlMillimeters' and no accessible extension method 'szlMillimeters' accepting a first argument of type 'MetafileHeader' could be found (are you missing a using directive or an assembly reference?) [I:\Ubuntu\VSCode\FigCrafter\FigCrafterApp_z3c2urb3_wpftmp.csproj]
I:\Ubuntu\VSCode\FigCrafter\Helpers\EmfParser.cs(57,72): error CS1061: 'MetafileHeader' does not contain a definition for 'szlMillimeters' and no accessible extension method 'szlMillimeters' accepting a first argument of type 'MetafileHeader' could be found (are you missing a using directive or an assembly reference?) [I:\Ubuntu\VSCode\FigCrafter\FigCrafterApp_z3c2urb3_wpftmp.csproj]
I:\Ubuntu\VSCode\FigCrafter\Helpers\EmfParser.cs(57,102): error CS1061: 'MetafileHeader' does not contain a definition for 'szlMillimeters' and no accessible extension method 'szlMillimeters' accepting a first argument of type 'MetafileHeader' could be found (are you missing a using directive or an assembly reference?) [I:\Ubuntu\VSCode\FigCrafter\FigCrafterApp_z3c2urb3_wpftmp.csproj]
    24 Warning(s)
    4 Error(s)

Time Elapsed 00:00:02.22
