  Determining projects to restore...
  All projects are up-to-date for restore.
I:\Ubuntu\VSCode\FigCrafter\Models\GraphicObject.cs(480,17): warning CS0618: 'SKPaint.Typeface' is obsolete: 'Use SKFont.Typeface instead.' [I:\Ubuntu\VSCode\FigCrafter\FigCrafterApp_20uggrvl_wpftmp.csproj]
I:\Ubuntu\VSCode\FigCrafter\Models\GraphicObject.cs(484,17): warning CS0618: 'SKPaint.TextSize' is obsolete: 'Use SKFont.Size instead.' [I:\Ubuntu\VSCode\FigCrafter\FigCrafterApp_20uggrvl_wpftmp.csproj]
I:\Ubuntu\VSCode\FigCrafter\Models\GraphicObject.cs(488,29): warning CS0618: 'SKPaint.FontSpacing' is obsolete: 'Use SKFont.Spacing instead.' [I:\Ubuntu\VSCode\FigCrafter\FigCrafterApp_20uggrvl_wpftmp.csproj]
I:\Ubuntu\VSCode\FigCrafter\Models\GraphicObject.cs(496,17): warning CS0618: 'SKPaint.MeasureText(string, ref SKRect)' is obsolete: 'Use SKFont.MeasureText() instead.' [I:\Ubuntu\VSCode\FigCrafter\FigCrafterApp_20uggrvl_wpftmp.csproj]
I:\Ubuntu\VSCode\FigCrafter\Models\GraphicObject.cs(505,17): warning CS0618: 'SKCanvas.DrawText(string, float, float, SKPaint)' is obsolete: 'Use DrawText(string text, float x, float y, SKTextAlign textAlign, SKFont font, SKPaint paint) instead.' [I:\Ubuntu\VSCode\FigCrafter\FigCrafterApp_20uggrvl_wpftmp.csproj]
I:\Ubuntu\VSCode\FigCrafter\Models\GraphicObject.cs(508,58): warning CS0618: 'SKPaint.TextSize' is obsolete: 'Use SKFont.Size instead.' [I:\Ubuntu\VSCode\FigCrafter\FigCrafterApp_20uggrvl_wpftmp.csproj]
I:\Ubuntu\VSCode\FigCrafter\Helpers\VectorFileParser.cs(133,104): error CS0103: The name 'scale' does not exist in the current context [I:\Ubuntu\VSCode\FigCrafter\FigCrafterApp_20uggrvl_wpftmp.csproj]
I:\Ubuntu\VSCode\FigCrafter\Models\GraphicObject.cs(527,17): warning CS0618: 'SKPaint.Typeface' is obsolete: 'Use SKFont.Typeface instead.' [I:\Ubuntu\VSCode\FigCrafter\FigCrafterApp_20uggrvl_wpftmp.csproj]
I:\Ubuntu\VSCode\FigCrafter\Models\GraphicObject.cs(531,17): warning CS0618: 'SKPaint.TextSize' is obsolete: 'Use SKFont.Size instead.' [I:\Ubuntu\VSCode\FigCrafter\FigCrafterApp_20uggrvl_wpftmp.csproj]
I:\Ubuntu\VSCode\FigCrafter\Models\GraphicObject.cs(535,29): warning CS0618: 'SKPaint.FontSpacing' is obsolete: 'Use SKFont.Spacing instead.' [I:\Ubuntu\VSCode\FigCrafter\FigCrafterApp_20uggrvl_wpftmp.csproj]
I:\Ubuntu\VSCode\FigCrafter\Models\GraphicObject.cs(540,47): warning CS0618: 'SKPaint.MeasureText(string)' is obsolete: 'Use SKFont.MeasureText() instead.' [I:\Ubuntu\VSCode\FigCrafter\FigCrafterApp_20uggrvl_wpftmp.csproj]
I:\Ubuntu\VSCode\FigCrafter\Models\GraphicObject.cs(543,64): warning CS0618: 'SKPaint.TextSize' is obsolete: 'Use SKFont.Size instead.' [I:\Ubuntu\VSCode\FigCrafter\FigCrafterApp_20uggrvl_wpftmp.csproj]
I:\Ubuntu\VSCode\FigCrafter\ViewModels\CanvasViewModel.cs(206,37): warning CS8601: Possible null reference assignment. [I:\Ubuntu\VSCode\FigCrafter\FigCrafterApp_20uggrvl_wpftmp.csproj]
I:\Ubuntu\VSCode\FigCrafter\ViewModels\CanvasViewModel.cs(208,25): warning CS8602: Dereference of a possibly null reference. [I:\Ubuntu\VSCode\FigCrafter\FigCrafterApp_20uggrvl_wpftmp.csproj]
I:\Ubuntu\VSCode\FigCrafter\Models\GraphicObject.cs(1087,78): warning CS0618: 'SKPaint.TextSize' is obsolete: 'Use SKFont.Size instead.' [I:\Ubuntu\VSCode\FigCrafter\FigCrafterApp_20uggrvl_wpftmp.csproj]
I:\Ubuntu\VSCode\FigCrafter\Models\GraphicObject.cs(1088,21): warning CS0618: 'SKCanvas.DrawText(string, float, float, SKPaint)' is obsolete: 'Use DrawText(string text, float x, float y, SKTextAlign textAlign, SKFont font, SKPaint paint) instead.' [I:\Ubuntu\VSCode\FigCrafter\FigCrafterApp_20uggrvl_wpftmp.csproj]
I:\Ubuntu\VSCode\FigCrafter\Views\CanvasView.xaml.cs(182,31): warning CS8629: Nullable value type may be null. [I:\Ubuntu\VSCode\FigCrafter\FigCrafterApp_20uggrvl_wpftmp.csproj]
I:\Ubuntu\VSCode\FigCrafter\Views\CanvasView.xaml.cs(832,54): warning CS8602: Dereference of a possibly null reference. [I:\Ubuntu\VSCode\FigCrafter\FigCrafterApp_20uggrvl_wpftmp.csproj]
I:\Ubuntu\VSCode\FigCrafter\Views\CanvasView.xaml.cs(1238,21): warning CS0618: 'SKPaint.Typeface' is obsolete: 'Use SKFont.Typeface instead.' [I:\Ubuntu\VSCode\FigCrafter\FigCrafterApp_20uggrvl_wpftmp.csproj]
I:\Ubuntu\VSCode\FigCrafter\Views\CanvasView.xaml.cs(1242,21): warning CS0618: 'SKPaint.TextSize' is obsolete: 'Use SKFont.Size instead.' [I:\Ubuntu\VSCode\FigCrafter\FigCrafterApp_20uggrvl_wpftmp.csproj]
I:\Ubuntu\VSCode\FigCrafter\Views\CanvasView.xaml.cs(1246,33): warning CS0618: 'SKPaint.FontSpacing' is obsolete: 'Use SKFont.Spacing instead.' [I:\Ubuntu\VSCode\FigCrafter\FigCrafterApp_20uggrvl_wpftmp.csproj]
I:\Ubuntu\VSCode\FigCrafter\Views\CanvasView.xaml.cs(1251,51): warning CS0618: 'SKPaint.MeasureText(string)' is obsolete: 'Use SKFont.MeasureText() instead.' [I:\Ubuntu\VSCode\FigCrafter\FigCrafterApp_20uggrvl_wpftmp.csproj]
I:\Ubuntu\VSCode\FigCrafter\Views\CanvasView.xaml.cs(1254,68): warning CS0618: 'SKPaint.TextSize' is obsolete: 'Use SKFont.Size instead.' [I:\Ubuntu\VSCode\FigCrafter\FigCrafterApp_20uggrvl_wpftmp.csproj]

Build FAILED.

I:\Ubuntu\VSCode\FigCrafter\Models\GraphicObject.cs(480,17): warning CS0618: 'SKPaint.Typeface' is obsolete: 'Use SKFont.Typeface instead.' [I:\Ubuntu\VSCode\FigCrafter\FigCrafterApp_20uggrvl_wpftmp.csproj]
I:\Ubuntu\VSCode\FigCrafter\Models\GraphicObject.cs(484,17): warning CS0618: 'SKPaint.TextSize' is obsolete: 'Use SKFont.Size instead.' [I:\Ubuntu\VSCode\FigCrafter\FigCrafterApp_20uggrvl_wpftmp.csproj]
I:\Ubuntu\VSCode\FigCrafter\Models\GraphicObject.cs(488,29): warning CS0618: 'SKPaint.FontSpacing' is obsolete: 'Use SKFont.Spacing instead.' [I:\Ubuntu\VSCode\FigCrafter\FigCrafterApp_20uggrvl_wpftmp.csproj]
I:\Ubuntu\VSCode\FigCrafter\Models\GraphicObject.cs(496,17): warning CS0618: 'SKPaint.MeasureText(string, ref SKRect)' is obsolete: 'Use SKFont.MeasureText() instead.' [I:\Ubuntu\VSCode\FigCrafter\FigCrafterApp_20uggrvl_wpftmp.csproj]
I:\Ubuntu\VSCode\FigCrafter\Models\GraphicObject.cs(505,17): warning CS0618: 'SKCanvas.DrawText(string, float, float, SKPaint)' is obsolete: 'Use DrawText(string text, float x, float y, SKTextAlign textAlign, SKFont font, SKPaint paint) instead.' [I:\Ubuntu\VSCode\FigCrafter\FigCrafterApp_20uggrvl_wpftmp.csproj]
I:\Ubuntu\VSCode\FigCrafter\Models\GraphicObject.cs(508,58): warning CS0618: 'SKPaint.TextSize' is obsolete: 'Use SKFont.Size instead.' [I:\Ubuntu\VSCode\FigCrafter\FigCrafterApp_20uggrvl_wpftmp.csproj]
I:\Ubuntu\VSCode\FigCrafter\Models\GraphicObject.cs(527,17): warning CS0618: 'SKPaint.Typeface' is obsolete: 'Use SKFont.Typeface instead.' [I:\Ubuntu\VSCode\FigCrafter\FigCrafterApp_20uggrvl_wpftmp.csproj]
I:\Ubuntu\VSCode\FigCrafter\Models\GraphicObject.cs(531,17): warning CS0618: 'SKPaint.TextSize' is obsolete: 'Use SKFont.Size instead.' [I:\Ubuntu\VSCode\FigCrafter\FigCrafterApp_20uggrvl_wpftmp.csproj]
I:\Ubuntu\VSCode\FigCrafter\Models\GraphicObject.cs(535,29): warning CS0618: 'SKPaint.FontSpacing' is obsolete: 'Use SKFont.Spacing instead.' [I:\Ubuntu\VSCode\FigCrafter\FigCrafterApp_20uggrvl_wpftmp.csproj]
I:\Ubuntu\VSCode\FigCrafter\Models\GraphicObject.cs(540,47): warning CS0618: 'SKPaint.MeasureText(string)' is obsolete: 'Use SKFont.MeasureText() instead.' [I:\Ubuntu\VSCode\FigCrafter\FigCrafterApp_20uggrvl_wpftmp.csproj]
I:\Ubuntu\VSCode\FigCrafter\Models\GraphicObject.cs(543,64): warning CS0618: 'SKPaint.TextSize' is obsolete: 'Use SKFont.Size instead.' [I:\Ubuntu\VSCode\FigCrafter\FigCrafterApp_20uggrvl_wpftmp.csproj]
I:\Ubuntu\VSCode\FigCrafter\ViewModels\CanvasViewModel.cs(206,37): warning CS8601: Possible null reference assignment. [I:\Ubuntu\VSCode\FigCrafter\FigCrafterApp_20uggrvl_wpftmp.csproj]
I:\Ubuntu\VSCode\FigCrafter\ViewModels\CanvasViewModel.cs(208,25): warning CS8602: Dereference of a possibly null reference. [I:\Ubuntu\VSCode\FigCrafter\FigCrafterApp_20uggrvl_wpftmp.csproj]
I:\Ubuntu\VSCode\FigCrafter\Models\GraphicObject.cs(1087,78): warning CS0618: 'SKPaint.TextSize' is obsolete: 'Use SKFont.Size instead.' [I:\Ubuntu\VSCode\FigCrafter\FigCrafterApp_20uggrvl_wpftmp.csproj]
I:\Ubuntu\VSCode\FigCrafter\Models\GraphicObject.cs(1088,21): warning CS0618: 'SKCanvas.DrawText(string, float, float, SKPaint)' is obsolete: 'Use DrawText(string text, float x, float y, SKTextAlign textAlign, SKFont font, SKPaint paint) instead.' [I:\Ubuntu\VSCode\FigCrafter\FigCrafterApp_20uggrvl_wpftmp.csproj]
I:\Ubuntu\VSCode\FigCrafter\Views\CanvasView.xaml.cs(182,31): warning CS8629: Nullable value type may be null. [I:\Ubuntu\VSCode\FigCrafter\FigCrafterApp_20uggrvl_wpftmp.csproj]
I:\Ubuntu\VSCode\FigCrafter\Views\CanvasView.xaml.cs(832,54): warning CS8602: Dereference of a possibly null reference. [I:\Ubuntu\VSCode\FigCrafter\FigCrafterApp_20uggrvl_wpftmp.csproj]
I:\Ubuntu\VSCode\FigCrafter\Views\CanvasView.xaml.cs(1238,21): warning CS0618: 'SKPaint.Typeface' is obsolete: 'Use SKFont.Typeface instead.' [I:\Ubuntu\VSCode\FigCrafter\FigCrafterApp_20uggrvl_wpftmp.csproj]
I:\Ubuntu\VSCode\FigCrafter\Views\CanvasView.xaml.cs(1242,21): warning CS0618: 'SKPaint.TextSize' is obsolete: 'Use SKFont.Size instead.' [I:\Ubuntu\VSCode\FigCrafter\FigCrafterApp_20uggrvl_wpftmp.csproj]
I:\Ubuntu\VSCode\FigCrafter\Views\CanvasView.xaml.cs(1246,33): warning CS0618: 'SKPaint.FontSpacing' is obsolete: 'Use SKFont.Spacing instead.' [I:\Ubuntu\VSCode\FigCrafter\FigCrafterApp_20uggrvl_wpftmp.csproj]
I:\Ubuntu\VSCode\FigCrafter\Views\CanvasView.xaml.cs(1251,51): warning CS0618: 'SKPaint.MeasureText(string)' is obsolete: 'Use SKFont.MeasureText() instead.' [I:\Ubuntu\VSCode\FigCrafter\FigCrafterApp_20uggrvl_wpftmp.csproj]
I:\Ubuntu\VSCode\FigCrafter\Views\CanvasView.xaml.cs(1254,68): warning CS0618: 'SKPaint.TextSize' is obsolete: 'Use SKFont.Size instead.' [I:\Ubuntu\VSCode\FigCrafter\FigCrafterApp_20uggrvl_wpftmp.csproj]
I:\Ubuntu\VSCode\FigCrafter\Helpers\VectorFileParser.cs(133,104): error CS0103: The name 'scale' does not exist in the current context [I:\Ubuntu\VSCode\FigCrafter\FigCrafterApp_20uggrvl_wpftmp.csproj]
    22 Warning(s)
    1 Error(s)

Time Elapsed 00:00:02.17
